[itssharl.ee/index.html]
[backblue.gif]
[fade.gif]
[index.html]
[itssharl.ee/manifest.webmanifest]
[itssharl.ee/favicon.ico]
[itssharl.ee/openGraph_image.jpg]
[itssharl.ee/apple-touch-icon.png]
[itssharl.ee/fonts/studio-feixen-sans-variable.woff2]
[itssharl.ee/_next/static/css/cf986cb5b12751f6.css]
[itssharl.ee/_next/static/chunks/polyfills-5cd94c89d3acac5f.js]
[itssharl.ee/_next/static/chunks/webpack-6d2888349cf1f327.js]
[itssharl.ee/_next/static/chunks/framework-3b53ee5524076188.js]
[itssharl.ee/_next/static/chunks/main-85814b62c63ef015.js]
[itssharl.ee/_next/static/chunks/pages/_app-032c546a27ff5daf.js]
[itssharl.ee/_next/static/chunks/761-2fe40613cc041a63.js]
[itssharl.ee/_next/static/chunks/pages/index-31fd3605ef150f14.js]
[itssharl.ee/_next/static/uLols1oso7ar2M1dFAnqc/_buildManifest.js]
[itssharl.ee/_next/static/uLols1oso7ar2M1dFAnqc/_ssgManifest.js]
[itssharl.ee/_next/static/uLols1oso7ar2M1dFAnqc/_middlewareManifest.js]
[itssharl.ee/work]
[itssharl.ee/about.html]
[itssharl.ee/index.html]
[itssharl.ee/contact]
[itssharl.ee/fonts/studio-feixen-sans-variable.ttf]
[itssharl.ee/fonts/StudioFeixenSans-Bold.eot]
[itssharl.ee/fonts/StudioFeixenSans-Bold.woff2]
[itssharl.ee/fonts/StudioFeixenSans-Bold.woff]
[itssharl.ee/fonts/StudioFeixenSans-Bold.ttf]
[itssharl.ee/fonts/StudioFeixenSans-Book.eot]
[itssharl.ee/fonts/StudioFeixenSans-Book.woff2]
[itssharl.ee/fonts/StudioFeixenSans-Book.woff]
[itssharl.ee/fonts/StudioFeixenSans-Book.ttf]
[itssharl.ee/fonts/StudioFeixenSans-Medium.eot]
[itssharl.ee/fonts/StudioFeixenSans-Medium.woff2]
[itssharl.ee/fonts/StudioFeixenSans-Medium.woff]
[itssharl.ee/fonts/StudioFeixenSans-Medium.ttf]
[itssharl.ee/fonts/StudioFeixenSans-Regular.eot]
[itssharl.ee/fonts/StudioFeixenSans-Regular.woff2]
[itssharl.ee/fonts/StudioFeixenSans-Regular.woff]
[itssharl.ee/fonts/StudioFeixenSans-Regular.ttf]
[itssharl.ee/noise.png]
[itssharl.ee/_next/static/css/cf986cb5b12751f6.css]
[itssharl.ee/fr/index.html]
[itssharl.ee/fr]
[itssharl.ee/_next/static/chunks/5-82645d4d55847d1b.js]
[itssharl.ee/_next/static/chunks/pages/work-de97a16824acd993.js]
[itssharl.ee/fr/work]
[itssharl.ee/_next/Bp4OR4tTTuwWBy4eNi4p332f.jpg]
[itssharl.ee/_next/H9a4z8D7SKGGChwS7LTE4b7a.jpg]
[itssharl.ee/_next/p36sowTpQfi1q1wlOQqq2685.jpg]
[itssharl.ee/_next/HHugGSL1RwqNpqQeR86re242.jpg]
[itssharl.ee/_next/mI7WhbajRIqNPPpNDj463911.jpg]
[itssharl.ee/_next/jTM8QlzRSC3Nkgd1KGTQ25a8.jpg]
[itssharl.ee/_next/ditlInDaSOaYARQvHhhJd0ce.jpg]
[itssharl.ee/_next/L3U7kJhpT8SLPFBUmMt27e6d.jpg]
[itssharl.ee/work/act-responsable]
[itssharl.ee/work/dua-lipa]
[itssharl.ee/work/cocolyze]
[itssharl.ee/work/les-indecis]
[itssharl.ee/work/game-of-the-goose]
[itssharl.ee/work/lequipe-explore]
[itssharl.ee/work/silhouette]
[itssharl.ee/work]
[itssharl.ee/work/portraits]
[itssharl.ee/_next/static/chunks/385-a6baf856fad16f41.js]
[itssharl.ee/_next/static/chunks/pages/about-ad58ab5766451d2b.js]
[itssharl.ee/fr/about.html]
[itssharl.ee/_next/profiledb8f.jpg]
[itssharl.ee/about/charles_bruyerre_resume.pdf]
[itssharl.ee/about.html]
[itssharl.ee/_next/static/chunks/pages/contact-445b55c6e82f674e.js]
[itssharl.ee/contact]
[itssharl.ee/wave-light.svg]
[itssharl.ee/wave.svg]
[itssharl.ee/fr]
[itssharl.ee/fr/contact]
[itssharl.ee/fr/work/act-responsable]
[itssharl.ee/fr/work/dua-lipa]
[itssharl.ee/fr/work/cocolyze]
[itssharl.ee/fr/work/les-indecis]
[itssharl.ee/fr/work/game-of-the-goose]
[itssharl.ee/fr/work/lequipe-explore]
[itssharl.ee/fr/work/silhouette]
[itssharl.ee/fr/work]
[itssharl.ee/fr/work/portraits]
[itssharl.ee/_next/static/chunks/86-2a4f5577965eeeb9.js]
[itssharl.ee/_next/static/chunks/pages/work/[slug]-26456fee7f9c35d6.js]
[itssharl.ee/_next/AorJtjCQpCBcZQotur7j3409.jpg]
[itssharl.ee/_next/487fJbsSGylTqeRHqwkQ604e.jpg]
[itssharl.ee/_next/eMeNpJlyTki7vJloBLIWe520.jpg]
[itssharl.ee/_next/1SrpjdEsQlaeRgS8EYoW5cc0.jpg]
[itssharl.ee/_next/m8fGnFuVSPO8D6or3SxZd4dc.jpg]
[itssharl.ee/_next/tI3YZuQQdOhj6LKSm2Uuc646.jpg]
[itssharl.ee/_next/YH9uMg6OTUeGZzJZDHlP1952.jpg]
[itssharl.ee/_next/PtejCtVnSVu997ts9P208cf0.jpg]
[itssharl.ee/_next/eB7l9Ka9QxuUu8z9g4nL2f57.jpg]
[itssharl.ee/_next/kenusbQCSrmC50LEycB0e83d.jpg]
[itssharl.ee/work/act-responsable]
[itssharl.ee/_next/5ADlLlPQSeGPyiSGdlXnf681.jpg]
[itssharl.ee/_next/lESp9jniRZmTQqTNE9sL265d.jpg]
[itssharl.ee/_next/x6uyDL6PQjKHVXsn0fqRc8b9.jpg]
[itssharl.ee/_next/SmO1dtFOSZyx9BfjOuWg2185.jpg]
[itssharl.ee/work/dua-lipa]
[itssharl.ee/_next/wMH9mdzQS3qJgZqzvcuz643d.jpg]
[itssharl.ee/_next/iQhMFdtBSk8qFBnxz84mf16d.jpg]
[itssharl.ee/_next/d33aqg8NRegc6VIzFC4V3443.jpg]
[itssharl.ee/_next/cOvYONGtTAGBQ1qdRcrg3d97.jpg]
[itssharl.ee/_next/2Rh8WfrzQ76sgSsfjxUi1a62.jpg]
[itssharl.ee/_next/P7JGHPqISMGutApEHFqO09ab.jpg]
[itssharl.ee/_next/HiF8QWnTqmY0FGoC6EMf809b.jpg]
[itssharl.ee/_next/0dsioDefS7SxlUKjrnFM9eb0.gif]
[itssharl.ee/_next/gLBZNzQwRb2qrxCKpiuYe187.jpg]
[itssharl.ee/_next/p2yZwrAYRJu74Hy1jZeKb6f8.jpg]
[itssharl.ee/_next/N1Mz5xrTguOvPYX7WsQy847e.jpg]
[itssharl.ee/work/cocolyze]
[itssharl.ee/_next/tOvgxcRDRfqyhzoEVp5t26dd.jpg]
[itssharl.ee/_next/VK3zIHgURAayDL6oo8nqeb3e.jpg]
[itssharl.ee/_next/gN2gi2fdQvy8KWfXWZ6uc177.jpg]
[itssharl.ee/_next/Zz3fKMUsRZq1NK4ESzi57f4d.jpg]
[itssharl.ee/_next/LyT9NYbRQ96DYZZAPW6Jd0c7.jpg]
[itssharl.ee/_next/BANCVB1STp6wXVpHszLO3ac0.jpg]
[itssharl.ee/_next/QXU6AWSl6VM6WyowUuAg8a6d.jpg]
[itssharl.ee/_next/MqnbEGgVS461bs6duY8C491d.jpg]
[itssharl.ee/_next/nrrYS5BKTsiKjg002slG2f10.jpg]
[itssharl.ee/_next/k6RORdneQ1mWHcPF5RnL1516.jpg]
[itssharl.ee/_next/8mQ5l6rpTyum00FLF7Vne4f9.jpg]
[itssharl.ee/_next/oRNDimmjS1qX58Vi3GLbd60b.jpg]
[itssharl.ee/work/les-indecis]
[itssharl.ee/_next/WtJYOQcFSWiZucXOY9Z2e355.jpg]
[itssharl.ee/_next/S9jG2qnTyGJ5bZvyxDtm9043.jpg]
[itssharl.ee/_next/ZBXB2Zc4Qymk4FsEAehN2268.jpg]
[itssharl.ee/_next/84ganLmZQm0FxAa8Qt7Qbd1d.jpg]
[itssharl.ee/work/game-of-the-goose]
[itssharl.ee/_next/FjLbI2m7TWOPcVfXJ1gf6637.jpg]
[itssharl.ee/_next/81dQiBBYTtKbWKNFnj35ea0a.jpg]
[itssharl.ee/_next/p82Ox3uZSVq8QGqM1QnMf93d.jpg]
[itssharl.ee/_next/Rv5oNh95TTy4Wll5Y2I498cd.jpg]
[itssharl.ee/_next/OI65WrQ4Szur7mbSFHo1b262.jpg]
[itssharl.ee/_next/YpKZSYEuSVyq7HUJcaLNba5f.jpg]
[itssharl.ee/_next/KuMUht8RLydqtxWDvEQA41f1.jpg]
[itssharl.ee/work/lequipe-explore]
[itssharl.ee/_next/8REtCG5S8m3mrAvVxt4N39fe.jpg]
[itssharl.ee/work/silhouette]
[itssharl.ee/_next/Grz9L6eyRJGCtUTdWDLod201.jpg]
[itssharl.ee/_next/e5AtWMQ5T3SmUjDpTyxp94c0.jpg]
[itssharl.ee/_next/E5jp32eXSQ6zkJwgybKL4e96.jpg]
[itssharl.ee/_next/b4c6H73eS7uJzKlaqLOt2748.jpg]
[itssharl.ee/_next/UyR08nCHSPCZApnNkDhV501f.jpg]
[itssharl.ee/_next/PTVl1CJjQ2aWrnMitbLdec5e.jpg]
[itssharl.ee/_next/KW4vLRjvSq6A8vLlLyu8f785.jpg]
[itssharl.ee/_next/cGmgrOzGTNuYqQe27ij8a1f2.jpg]
[itssharl.ee/_next/gA6W9UeRHuXBYrsOCXIb837a.jpg]
[itssharl.ee/_next/KP19ixXuTR2JSKUrwa4Nc6d2.jpg]
[itssharl.ee/_next/As69dq8MTbOTVxfTmj1Y2ffd.jpg]
[itssharl.ee/_next/R3VKyjI2QiG1tDbJLXyZ3002.jpg]
[itssharl.ee/_next/tJBGeZB2R4ejZTJKJP2aae73.jpg]
[itssharl.ee/_next/rEC2wPyBRnCmTtny7MpN4ded.jpg]
[itssharl.ee/_next/K3a6Nqa4TsGpFtaIquPs1404.jpg]
[itssharl.ee/_next/fUPhlMn1Sf6FkX6Gdv2N5734.jpg]
[itssharl.ee/_next/eNsvhLdSfCfhJIFmX4Mtae80.jpg]
[itssharl.ee/_next/jJ4OvNoYQJqh89zlpiCK7f92.jpg]
[itssharl.ee/_next/Qmip5oHYSxCbrYcSp99a8329.jpg]
[itssharl.ee/_next/uKmYMBhQq6VXMWuyMP14cf60.jpg]
[itssharl.ee/_next/gDFuGVOcQbazR3w4CG2z78c5.jpg]
[itssharl.ee/work/portraits]
[itssharl.ee/fr/about/charles_bruyerre_cv.pdf]
[itssharl.ee/fr/about.html]
[itssharl.ee/fr/contact]
[itssharl.ee/fr/work/act-responsable]
[itssharl.ee/fr/work/dua-lipa]
[itssharl.ee/fr/work/cocolyze]
[itssharl.ee/fr/work/les-indecis]
[itssharl.ee/fr/work/game-of-the-goose]
[itssharl.ee/fr/work/lequipe-explore]
[itssharl.ee/fr/work/silhouette]
[itssharl.ee/fr/work/portraits]
